// Jest Snapshot v1, https://goo.gl/fbAQLP

exports[`should render ExpenseListItem with fixture data 1`] = `
<div>
  <Link
    replace={false}
    to="/edit/1"
  >
    <h3>
      Book
    </h3>
  </Link>
  <p>
    2095
     - 
    -345600000
  </p>
</div>
`;
